
--- Document Tests ---
Document tests passed: 68/68
All document tests passed successfully!
